WARN  - SPOTIFY - "Amor Gruda" YOUTUBE - "Shaman - Amor Gruda (Sousou no Frieren)"
WARN  - SPOTIFY - "Canônico, Miguel O'Hara" YOUTUBE - "Blxck - Canônico (Miguel O'Hara)"
WARN  - SPOTIFY - "Orgulho" YOUTUBE - "Anny - Orgulho ft. @blxckoficial"
WARN  - SPOTIFY - "EGO" YOUTUBE - "WHY WE FIGHT // EGO ft. Qing Madi // Year 5 Music Video - VALORANT"
WARN  - SPOTIFY - "Alma de Piche" YOUTUBE - "Anny - Alma de Piche"
WARN  - SPOTIFY - "How I'd Kill" YOUTUBE - "Cowboy Malfoy - How I'd Kill (Official Video)"
WARN  - SPOTIFY - "tudo oq vc fez" YOUTUBE - "shaman - tudo oq vc fez"
WARN  - SPOTIFY - "Genesis" YOUTUBE - "Anny - Genesis"
WARN  - SPOTIFY - "Luxúria" YOUTUBE - "Anny - Luxúria (Denji)"
WARN  - SPOTIFY - "BLUE" YOUTUBE - "Anny - BLUE ft.@TakaB"
WARN  - SPOTIFY - "Conde Drácula" YOUTUBE - "Conde Drácula | Novatroop | Alucard (Hellsing) (prod. Keman)"
WARN  - SPOTIFY - "Divina Facínora" YOUTUBE - "Divina Facínora | Novatroop | Sukuna (Jujutsu Kaisen)"
WARN  - SPOTIFY - "Gosto Do Mal" YOUTUBE - "Gosto Do Mal | Novatroop | Suguru Geto (Jujutsu Kaisen)"
WARN  - SPOTIFY - "Anoitecer Cruel, Kokushibo" YOUTUBE - "Blxck - Anoitecer Cruel (Kokushibo)"
WARN  - SPOTIFY - "Irregular" YOUTUBE - "♪ Bam (Tower of God) | Irregular | AniRap"
WARN  - SPOTIFY - "Bela Como Inferno" YOUTUBE - "Mistery - Bela Como Inferno"
WARN  - SPOTIFY - "Sobre os Mistérios" YOUTUBE - "Mistery - Sobre os Mistérios | feat. Lucas A.R.T."
WARN  - SPOTIFY - "Pétalas Azuis" YOUTUBE - "Mistery - Pétalas Azuis | Frieren"
WARN  - SPOTIFY - "Paranoia" YOUTUBE - "Paranoia | Novatroop | Diavolo (JoJo's Bizarre Adventure)"
WARN  - SPOTIFY - "Puro Amor Infinito" YOUTUBE - "Yuta Okkotsu (Jujutsu Kaisen) - Puro Amor Infinito | M4rkim"
WARN  - SPOTIFY - "A Criança Demônio, Okita Souji" YOUTUBE - "Blxck - A Criança Demônio (Okita Souji)"
WARN  - SPOTIFY - "Carmesim, Urahara Kisuke" YOUTUBE - "Carmesim (Urahara Kisuke) | Ranori"
WARN  - SPOTIFY - "Violetas" YOUTUBE - "Violetas 💜 | Kaiser (Ordem Paranormal) | Raphyx"
SPOTIFY - "Enemies" YOUTUBE - "Enemies"
WARN  - SPOTIFY - "Acordes e Sons" YOUTUBE - "Acordes e Sons | Hitori (Bocchi The Rock!) | Shiny ft. @Shaman_"
WARN  - SPOTIFY - "Truque de Mágica" YOUTUBE - "Truque de Mágica (Madoka Magica) - DKZ"
WARN  - SPOTIFY - "Olhos Infinitos" YOUTUBE - "LKZ - Olhos Infinitos (Satoru Gojo)"
WARN  - SPOTIFY - "Bomba" YOUTUBE - "Bomba | Rafão | Yoshikage Kira (JoJo's Bizarre Adventure)"
WARN  - SPOTIFY - "Meu Regozijo" YOUTUBE - "Meu Regozijo | Rafão | Mahito (Jujutsu Kaisen)"
WARN  - SPOTIFY - "Dever de Consumação" YOUTUBE - "Dever de Consumação | Rafão | Suguru Geto (Jujutsu Kaisen)"
WARN  - SPOTIFY - "Réquiem Carmesim" YOUTUBE - "Réquiem Carmesim | Rafão | Chrollo Lucilfer (Hunter x Hunter)"
WARN  - SPOTIFY - "Joker" YOUTUBE - "Joker | Rafão | Hisoka (Hunter x Hunter)"
WARN  - SPOTIFY - "Razão do Vazio (Ulquiorra)" YOUTUBE - "Razão do Vazio | Rafão | Ulquiorra (Bleach)"
WARN  - SPOTIFY - "Clima" YOUTUBE - "Bluay - Clima"
WARN  - SPOTIFY - "Vícios" YOUTUBE - "Vícios (Kakegurui) - OSteve"
WARN  - SPOTIFY - "Doente" YOUTUBE - "Doente | Shinji Ikari (Neon Genesis Evangelion) | Shooter"
WARN  - SPOTIFY - "Confins" YOUTUBE - "Shaman - Confins (Night Is Short, Walk On Girl)"
WARN  - SPOTIFY - "Benihime" YOUTUBE - "Urahara (Bleach) - Benihime | M4rkim"
WARN  - SPOTIFY - "Inevitável Destino" YOUTUBE - "Kento Nanami (Jujutsu Kaisen) - "Inevitável Destino" | Henrique Mendonça"
WARN  - SPOTIFY - "Filho do Mar" YOUTUBE - "Filho do Mar | Ace (One Piece) | Igris"
WARN  - SPOTIFY - "Perfeccionismo" YOUTUBE - "♪ Yoshikage Kira (Jojo's Bizarres Adventure) | Perfeccionismo | AniRap"
WARN  - SPOTIFY - "Collision" YOUTUBE - "Collision (Ordem Paranormal) AYAKASHI"
WARN  - SPOTIFY - "Substitutos" YOUTUBE - "Substitutos (Kuzu No Honkai) - OSteve"
WARN  - SPOTIFY - "Lindas Mentiras" YOUTUBE - "Lindas Mentiras (Animes) - OSteve"
WARN  - SPOTIFY - "Nulo Coração" YOUTUBE - "Nulo Coração | Ulquiorra (Bleach) | Raphyx"
WARN  - SPOTIFY - "Play" YOUTUBE - "Anny - Play ft. @SlowGM"
WARN  - SPOTIFY - "Deriva" YOUTUBE - "Shaman - Deriva (Sonny Boy)"
WARN  - SPOTIFY - "Acabar o Mundo" YOUTUBE - "Shaman - Acabar o Mundo (Yokohama Kaidashi Kikou)"
WARN  - SPOTIFY - "Relógio Esquisito | Carnitrix (Ben 10 AU)" YOUTUBE - "Relógio Esquisito | Carnitrix (Ben 10 AU) | Iron Master"
WARN  - SPOTIFY - "Entre Mundos, Funny Valentine" YOUTUBE - "Blxck - Entre Mundos (Funny Valentine)"
WARN  - SPOTIFY - "Tipo Psíquico (Chronoverso)" YOUTUBE - "TIPO PSÍQUICO - Chrono"
WARN  - SPOTIFY - "Hora do Campeão, Leon" YOUTUBE - "Blxck - Hora do Campeão (Leon)"
WARN  - SPOTIFY - "Flores do Mal" YOUTUBE - "Shaman - Flores do Mal (Aku no Hana)"
WARN  - SPOTIFY - "Casca Vazia, Hollow Knight" YOUTUBE - "Blxck - Casca Vazia (Hollow Knight)"
WARN  - SPOTIFY - "Get Up Now" YOUTUBE - "Anny - Get Up Now ft. @OSteve"
WARN  - SPOTIFY - "Sua Vida é o Prêmio" YOUTUBE - "Mistery - Sua Vida é o Prêmio"
WARN  - SPOTIFY - "Mudar" YOUTUBE - "Shaman - Mudar (Demon Slayer)"
WARN  - SPOTIFY - "JUDAS" YOUTUBE - "7 Minutoz - JUDAS"
WARN  - SPOTIFY - "Tragédia: Teatro" YOUTUBE - "Bad End Theater - Teatro dos Finais Infelizes | Chrono"
WARN  - SPOTIFY - "Ego" YOUTUBE - "VMZ - Ego (Gojo) Feat. Nikmouu"
WARN  - SPOTIFY - "Mahito: Transfiguração Inerte" YOUTUBE - "Mahito (Jujutsu Kaisen) - TRANSFIGURAÇÃO INERTE | Chrono"
WARN  - SPOTIFY - "Eu Sou Seu Amigo" YOUTUBE - "Daarui - Eu Sou Seu Amigo (Amigo)"
WARN  - SPOTIFY - "O Rei Voltou, Yhwach" YOUTUBE - "Blxck - O Rei Voltou (Yhwach)"
WARN  - SPOTIFY - "Desespero" YOUTUBE - "Anny - Desespero"
WARN  - SPOTIFY - "Sol" YOUTUBE - "Shaman - Sol (OneShot) Feat. @Geedix"
WARN  - SPOTIFY - "Gosto Amargo" YOUTUBE - "Mistery - Gosto Amargo"
WARN  - SPOTIFY - "Deslocado" YOUTUBE - "NAPA - Deslocado (Official Video)"
WARN  - SPOTIFY - "Longe do Mar" YOUTUBE - "Mistery - Longe do Mar"
WARN  - SPOTIFY - "Anjo Caído" YOUTUBE - "Anny - Anjo Caído ft. Lucas A.R.T"
WARN  - SPOTIFY - "Peso do Ódio" YOUTUBE - "Peso do Ódio | Novatroop | Gon Berserk (Hunter x Hunter)"
WARN  - SPOTIFY - "Dia de Sorte, Hakari Kinji" YOUTUBE - "Blxck - Dia de Sorte (Hakari Kinji)"
WARN  - SPOTIFY - "Mundo Invertido" YOUTUBE - "Shinji Hirako (Bleach) - ODITREVNI ODNUM | Chrono"
