WARN  - SPOTIFY - "唱 - Jax Jones Remix" YOUTUBE - "【Ado】唱 / Show (Jax Jones Remix)"
WARN  - SPOTIFY - "リベリオン" YOUTUBE - "【Ado】リベリオン"
WARN  - SPOTIFY - "夜のピエロ" YOUTUBE - "【Ado】夜のピエロ"
WARN  - SPOTIFY - "心という名の不可解" YOUTUBE - "【Ado】心という名の不可解"
WARN  - SPOTIFY - "オールナイトレディオ" YOUTUBE - "【Ado】オールナイトレディオ"
WARN  - SPOTIFY - "愛して愛して愛して" YOUTUBE - "【Ado】愛して愛して愛して"
WARN  - SPOTIFY - "風のゆくえ" YOUTUBE - "【Ado】風のゆくえ（ウタ from ONE PIECE FILM RED）"
WARN  - SPOTIFY - "レディメイド" YOUTUBE - "【Ado】レディメイド"
WARN  - SPOTIFY - "FREEDOM" YOUTUBE - "【Ado】FREEDOM"
WARN  - SPOTIFY - "阿修羅ちゃん" YOUTUBE - "【Ado】阿修羅ちゃん"
WARN  - SPOTIFY - "マザーランド" YOUTUBE - "【Ado】マザーランド"
WARN  - SPOTIFY - "Tot Musica" YOUTUBE - "【Ado】Tot Musica（ウタ from ONE PIECE FILM RED）"
WARN  - SPOTIFY - "ラッキー・ブルート" YOUTUBE - "【Ado】ラッキー・ブルート"
WARN  - SPOTIFY - "アタシは問題作" YOUTUBE - "【Ado】アタシは問題作"
WARN  - SPOTIFY - "ギラギラ" YOUTUBE - "【Ado】ギラギラ"
WARN  - SPOTIFY - "ウタカタララバイ" YOUTUBE - "【Ado】ウタカタララバイ（ウタ from ONE PIECE FILM RED）"
WARN  - SPOTIFY - "unravel" YOUTUBE - "【Ado】unravel 歌いました"
WARN  - SPOTIFY - "私は最強 - ウタ from ONE PIECE FILM RED" YOUTUBE - "【Ado】私は最強 (ウタ from ONE PIECE FILM RED)"
WARN  - SPOTIFY - "クラクラ" YOUTUBE - "【Ado】クラクラ"
WARN  - SPOTIFY - "うっせぇわ" YOUTUBE - "【Ado】うっせぇわ"
WARN  - SPOTIFY - "踊" YOUTUBE - "【Ado】踊"
WARN  - SPOTIFY - "唱" YOUTUBE - "【Ado】 唱"
WARN  - SPOTIFY - "逆光 - ウタ from ONE PIECE FILM RED" YOUTUBE - "【Ado】逆光（ウタ from ONE PIECE FILM RED）"
WARN  - SPOTIFY - "新時代 - ウタ from ONE PIECE FILM RED" YOUTUBE - "【Ado】新時代 (ウタ from ONE PIECE FILM RED)"
WARN  - SPOTIFY - "ショコラカタブラ" YOUTUBE - "【Ado】ショコラカタブラ"
SPOTIFY - "Dawn and Fireflies" YOUTUBE - "Dawn and Fireflies"
WARN  - SPOTIFY - "unravel" YOUTUBE - "【Ado】unravel 歌いました"
WARN  - SPOTIFY - "Buriki No Dance" YOUTUBE - "【Ado】ブリキノダンス 歌いました"
WARN  - SPOTIFY - "God-ish" YOUTUBE - "【Ado】 神っぽいな 歌いました"
WARN  - SPOTIFY - "Villain" YOUTUBE - "【Ado】Villain Utattemita (원곡：Stella Jang)"
SPOTIFY - "Kawaikute Gomen" YOUTUBE - "Kawaikute Gomen"
SPOTIFY - "Kazarijyanainoyonamidawa" YOUTUBE - "Kazarijyanainoyonamidawa"
WARN  - SPOTIFY - "Yoru No Pierrot" YOUTUBE - "【Ado】夜のピエロ"
WARN  - SPOTIFY - "Crime And Punishment" YOUTUBE - "【Ado】罪と罰 歌いました"
SPOTIFY - "Dried Flowers" YOUTUBE - "Dried Flowers"
WARN  - SPOTIFY - "Kagakushu" YOUTUBE - "【Ado】過学習"
WARN  - SPOTIFY - "Motherland" YOUTUBE - "【Ado】マザーランド"
WARN  - SPOTIFY - "Ashura-chan" YOUTUBE - "【Ado】阿修羅ちゃん"
WARN  - SPOTIFY - "KokoroToIuNaNoFukakai" YOUTUBE - "【Ado】心という名の不可解"
WARN  - SPOTIFY - "Fireworks" YOUTUBE - "【Ado】花火"
WARN  - SPOTIFY - "Lucky Bruto" YOUTUBE - "【Ado】ラッキー・ブルート"
WARN  - SPOTIFY - "Gira Gira" YOUTUBE - "【Ado】ギラギラ"
WARN  - SPOTIFY - "FREEDOM" YOUTUBE - "【Ado】FREEDOM"
WARN  - SPOTIFY - "Aitakute" YOUTUBE - "【Ado】会いたくて"
WARN  - SPOTIFY - "Domestic De Violence" YOUTUBE - "【Ado】ドメスティックでバイオレンス"
SPOTIFY - "0" YOUTUBE - "0"
WARN  - SPOTIFY - "Readymade" YOUTUBE - "【Ado】レディメイド"
WARN  - SPOTIFY - "Show" YOUTUBE - "【Ado】 唱"
WARN  - SPOTIFY - "Value" YOUTUBE - "【Ado】Value"
WARN  - SPOTIFY - "MIRROR" YOUTUBE - "【Ado】MIRROR"
WARN  - SPOTIFY - "Ibara" YOUTUBE - "【Ado】いばら"
WARN  - SPOTIFY - "Rebellion" YOUTUBE - "【Ado】リベリオン"
WARN  - SPOTIFY - "All Night Radio" YOUTUBE - "【Ado】オールナイトレディオ"
WARN  - SPOTIFY - "Himawari" YOUTUBE - "【Ado】向日葵"
WARN  - SPOTIFY - "Kura Kura" YOUTUBE - "【Ado】クラクラ"
WARN  - SPOTIFY - "DIGNITY" YOUTUBE - "【Ado】DIGNITY"
WARN  - SPOTIFY - "Chocolat Cadabra" YOUTUBE - "【Ado】ショコラカタブラ"
WARN  - SPOTIFY - "I’m a Controversy" YOUTUBE - "【Ado】アタシは問題作"
WARN  - SPOTIFY - "missing" YOUTUBE - "【Ado】行方知れず"
WARN  - SPOTIFY - "Nukegara" YOUTUBE - "【Ado】抜け空"
WARN  - SPOTIFY - "Sakura Biyori and Time Machine with Hatsune Miku" YOUTUBE - "Ado  - Sakura Biyori and Time Machine with Hatsune Miku (Lyrics)"
WARN  - SPOTIFY - "Odo" YOUTUBE - "【Ado】踊"
WARN  - SPOTIFY - "Kagakushu" YOUTUBE - "【Ado】過学習"
WARN  - SPOTIFY - "All Night Radio" YOUTUBE - "【Ado】オールナイトレディオ"
WARN  - SPOTIFY - "Bouquet for Me" YOUTUBE - "Ado - Bouquet for Me (Lyrics)"
WARN  - SPOTIFY - "Readymade" YOUTUBE - "【Ado】レディメイド"
WARN  - SPOTIFY - "Lucky Bruto" YOUTUBE - "【Ado】ラッキー・ブルート"
WARN  - SPOTIFY - "Eien No Akuruhi" YOUTUBE - "【Ado】永遠のあくる日"
WARN  - SPOTIFY - "Eien No Akuruhi" YOUTUBE - "【Ado】永遠のあくる日"
WARN  - SPOTIFY - "DIGNITY" YOUTUBE - "【Ado】DIGNITY"
WARN  - SPOTIFY - "Elf" YOUTUBE - "【Ado】エルフ"
WARN  - SPOTIFY - "Tot Musica" YOUTUBE - "【Ado】Tot Musica（ウタ from ONE PIECE FILM RED）"
WARN  - SPOTIFY - "Aitakute" YOUTUBE - "【Ado】会いたくて"
WARN  - SPOTIFY - "missing" YOUTUBE - "【Ado】行方知れず"
WARN  - SPOTIFY - "I’m a Controversy" YOUTUBE - "【Ado】アタシは問題作"
WARN  - SPOTIFY - "Aishite Aishite Aishite" YOUTUBE - "【LIVE映像】愛して愛して愛して PEACOCK THEATER  Los Angeles, CA 2024.3.29【Ado】"
WARN  - SPOTIFY - "MIRROR" YOUTUBE - "【Ado】MIRROR"
WARN  - SPOTIFY - "Rebellion" YOUTUBE - "【Ado】リベリオン"
SPOTIFY - "Hello Signals" YOUTUBE - "Hello Signals"
WARN  - SPOTIFY - "Backlight" YOUTUBE - "【Ado】逆光（ウタ from ONE PIECE FILM RED）"
WARN  - SPOTIFY - "Shoka" YOUTUBE - "【Ado】初夏 (Shoka)"
WARN  - SPOTIFY - "Ibara" YOUTUBE - "【Ado】いばら"
WARN  - SPOTIFY - "KokoroToIuNaNoFukakai" YOUTUBE - "【Ado】心という名の不可解"
WARN  - SPOTIFY - "Value" YOUTUBE - "【Ado】Value"
WARN  - SPOTIFY - "Show" YOUTUBE - "【Ado】 唱"
WARN  - SPOTIFY - "FREEDOM" YOUTUBE - "【Ado】FREEDOM"
WARN  - SPOTIFY - "ROCKSTAR" YOUTUBE - "【Ado】ロックスター"
WARN  - SPOTIFY - "RuLe" YOUTUBE - "【Ado】ルル (RuLe)"
WARN  - SPOTIFY - "Episode X" YOUTUBE - "【Ado】Episode X"
WARN  - SPOTIFY - "Himawari" YOUTUBE - "【Ado】向日葵"
WARN  - SPOTIFY - "Gira Gira" YOUTUBE - "【Ado】ギラギラ"
WARN  - SPOTIFY - "New Genesis" YOUTUBE - "【Ado】新時代 (ウタ from ONE PIECE FILM RED)"
WARN  - SPOTIFY - "Motherland" YOUTUBE - "【Ado】マザーランド"
WARN  - SPOTIFY - "I’m invincible" YOUTUBE - "ADO - I'M INVINCIBLE (One Piece Film Red OST) | Lyrics"
WARN  - SPOTIFY - "Fleeting Lullaby" YOUTUBE - "【Ado】ウタカタララバイ（ウタ from ONE PIECE FILM RED）"
WARN  - SPOTIFY - "unravel" YOUTUBE - "【Ado】unravel 歌いました"
WARN  - SPOTIFY - "Kura Kura" YOUTUBE - "【Ado】クラクラ"
WARN  - SPOTIFY - "Yoru No Pierrot" YOUTUBE - "【Ado】夜のピエロ"
WARN  - SPOTIFY - "Chocolat Cadabra" YOUTUBE - "【Ado】ショコラカタブラ"
WARN  - SPOTIFY - "Ashura-chan" YOUTUBE - "【Ado】阿修羅ちゃん"
WARN  - SPOTIFY - "Usseewa" YOUTUBE - "【Ado】うっせぇわ"
SPOTIFY - "Michino Timothy Kimino Kimochi" YOUTUBE - "Michino Timothy Kimino Kimochi"
WARN  - SPOTIFY - "Gotoubun no Kimochi" YOUTUBE - "五等分の気持ち"
WARN  - SPOTIFY - "ニッポン笑顔百景" YOUTUBE - "ももクロ【MV】ニッポン笑顔百景 -ZZ ver.- MUSIC VIDEO / MOMOIRO CLOVER Z - Nippon Egao Hyakkei -ZZ ver.-"
WARN  - SPOTIFY - "Guren no Yumiya Tv Size Ver." YOUTUBE - "Linked Horizon - Guren no Yumiya (TV Size Version)"
WARN  - SPOTIFY - "BRAIN" YOUTUBE - "【Kanaria】BRAIN"
WARN  - SPOTIFY - "Suzume" YOUTUBE - "RADWIMPS - Suzume (Lyrics) ft. Toaka"
WARN  - SPOTIFY - "Mimukauwa Nice Try" YOUTUBE - "【Official Music Video】みむかｩわナイストライ / Mimukauwa Nice Try"
WARN  - SPOTIFY - "POP IN 2" YOUTUBE - "【推しの子】B小町 / POP IN 2【MV short】"
WARN  - SPOTIFY - "ポラリス" YOUTUBE - "BLUE ENCOUNT 『ポラリス』Music Video【アニメ『僕のヒーローアカデミア』第4期オープニングテーマ】"
WARN  - SPOTIFY - "The Vampire" YOUTUBE - "DECO*27 - ヴァンパイア feat. 初音ミク"
WARN  - SPOTIFY - "HITO Mania" YOUTUBE - "人マニア - 重音テト"
SPOTIFY - "Wild Side" YOUTUBE - "Wild Side"
WARN  - SPOTIFY - "Meu Jogo" YOUTUBE - "Mistery - Meu Jogo | MiSide"
WARN  - SPOTIFY - "LOST IN PARADISE" YOUTUBE - "ALI - LOST IN PARADISE feat. AKLO（Re-edit ver.）"
WARN  - SPOTIFY - "Deal with the devil" YOUTUBE - "Tia / Deal with the devil"
WARN  - SPOTIFY - "Bunny Girl" YOUTUBE - "【AKASAKI】Bunny Girl / バニーガール（Lyric Video）"
WARN  - SPOTIFY - "Kokoroyohou" YOUTUBE - "心予報 - Eve MV"
WARN  - SPOTIFY - "Dance In The Game" YOUTUBE - "ZAQ / Dance In The Game -Lyric video full size- TVアニメ『ようこそ実力至上主義の教室へ 2nd Season』オープニングテーマ"
WARN  - SPOTIFY - "Tetoris" YOUTUBE - "テトリス / 重音テトSV"
WARN  - SPOTIFY - "鬼ノ宴" YOUTUBE - "友成空(TOMONARI SORA) - "Demons Banquet" ［Lyric Video］"
SPOTIFY - "HOLLOW HUNGER" YOUTUBE - "HOLLOW HUNGER"
WARN  - SPOTIFY - "Comedy" YOUTUBE - "星野源 – 喜劇 (Official Video)"
WARN  - SPOTIFY - "YELLOW" YOUTUBE - "神山羊 - YELLOW【Music Video】/ Yoh Kamiyama - YELLOW"
WARN  - SPOTIFY - "夢幻" YOUTUBE - "MY FIRST STORY × HYDE – “MUGEN” (from Anime “Demon Slayer: Kimetsu no Yaiba”) Official Music Video"
WARN  - SPOTIFY - "I I I" YOUTUBE - "【original anime MV】III【hololive/宝鐘マリン＆こぼ・かなえる】"
WARN  - SPOTIFY - "お勉強しといてよ" YOUTUBE - "ずっと真夜中でいいのに。『お勉強しといてよ』MV (ZUTOMAYO – STUDY ME)"
WARN  - SPOTIFY - "Black Catcher" YOUTUBE - "ビッケブランカ - Black Catcher / Vicke Blanka - Black Catcher"
WARN  - SPOTIFY - "unravel" YOUTUBE - "TK from 凛として時雨 『unravel』 Music Video(Full Size)"
WARN  - SPOTIFY - "again" YOUTUBE - "Yui - Again (Kan/Rom/Eng Lyrics)"
WARN  - SPOTIFY - "シルエット" YOUTUBE - "KANA-BOON - Silhouette"
WARN  - SPOTIFY - "FLY HIGH!!" YOUTUBE - "BURNOUT SYNDROMES - FLY HIGH!! | Haikyu!! S2 OP (KAN/ROM/ENG Trans) Lyrics"
WARN  - SPOTIFY - "Black Rover" YOUTUBE - "Vicke Blanka - Black Rover (Audio Video (TVアニメ「ブラッククローバー」第3クールオープニングテーマ)"
WARN  - SPOTIFY - "色香水" YOUTUBE - "神山羊 - 色香水【Music Video】/ Yoh Kamiyama - Irokousui"
WARN  - SPOTIFY - "Lost Umbrella" YOUTUBE - "稲葉曇『ロストアンブレラ』Vo. 歌愛ユキ"
WARN  - SPOTIFY - "Rendezvous" YOUTUBE - "【Kanaria】大脳的なランデブー"
WARN  - SPOTIFY - "ビビデバ" YOUTUBE - "ビビデバ / 星街すいせい(official)"
WARN  - SPOTIFY - "熱情のスペクトラム" YOUTUBE - "いきものがかり 『熱情のスペクトラム』Music Video"
WARN  - SPOTIFY - "フィクション" YOUTUBE - "sumika / フィクション【Music Video】"
WARN  - SPOTIFY - "Amor e Mistérios" YOUTUBE - "Shaman - Amor e Mistérios (Hyouka)"
WARN  - SPOTIFY - "色彩" YOUTUBE - "yama『色彩』MV（TVアニメ「SPYxFAMILY」第2クールエンディング主題歌）"
WARN  - SPOTIFY - "残機" YOUTUBE - "ずっと真夜中でいいのに。『残機』MV (ZUTOMAYO - Time Left)"
WARN  - SPOTIFY - "veil" YOUTUBE - "須田景凪「veil」MV"
WARN  - SPOTIFY - "Dec." YOUTUBE - "【GUMI】Dec.【Kanaria】"
WARN  - SPOTIFY - "Cry Baby" YOUTUBE - "Official髭男dism - Cry Baby［Official Video］"
WARN  - SPOTIFY - "晴る" YOUTUBE - "ヨルシカ - 晴る（OFFICIAL VIDEO）"
WARN  - SPOTIFY - "Aishite Aishite Aishite" YOUTUBE - "【LIVE映像】愛して愛して愛して PEACOCK THEATER  Los Angeles, CA 2024.3.29【Ado】"
WARN  - SPOTIFY - "KING" YOUTUBE - "【GUMI】KING【Kanaria】"
WARN  - SPOTIFY - "crossing field" YOUTUBE - "LiSA『crossing field』 -MUSiC CLiP-（TVアニメ 「ソードアート・オンライン」 オープニングテーマ）"
WARN  - SPOTIFY - "Miku" YOUTUBE - "Anamanaguchi - Miku ft. Hatsune Miku (Lyric Video)"
WARN  - SPOTIFY - "恋愛サーキュレーション" YOUTUBE - "Renai Circulation　恋愛サーキュレーション"
WARN  - SPOTIFY - "DADDY ! DADDY ! DO !" YOUTUBE - "【MV】鈴木雅之『DADDY ! DADDY ! DO ! feat. 鈴木愛理』TVアニメ「かぐや様は告らせたい？～天才たちの恋愛頭脳戦～」OP主題歌"
WARN  - SPOTIFY - "カワキヲアメク" YOUTUBE - "美波「カワキヲアメク」MV"
WARN  - SPOTIFY - "よふかしのうた" YOUTUBE - "【MV】Creepy Nuts - よふかしのうた"
WARN  - SPOTIFY - "光るなら" YOUTUBE - "光るなら／Goose house"
WARN  - SPOTIFY - "花になって - Be a flower" YOUTUBE - "緑黄色社会『花になって』Official Video / Ryokuoushoku Shakai – Be a flower"
WARN  - SPOTIFY - "ファタール - Fatal" YOUTUBE - "ファタール / GEMN - Fatal / GEMN"
WARN  - SPOTIFY - "Kyouran Hey Kids!!" YOUTUBE - "＜ノラガミARAGOTO＞OPテーマ  THE ORAL CIGARETTES「狂乱 Hey Kids!!」MusicVideo"
SPOTIFY - "Iron Man (2012 Remaster)" YOUTUBE - "Iron Man (2012 Remaster)"
SPOTIFY - "Torikago (From "DARLING in the FRANXX")" YOUTUBE - "Torikago (From "DARLING in the FRANXX")"
WARN  - SPOTIFY - "The Cruel Angel's Thesis (Director's Edit Version)" YOUTUBE - "残酷な天使のテーゼ (Directors Edit Version)"
WARN  - SPOTIFY - "不可思議のカルテ" YOUTUBE - "[不可思議のカルテ] Fukashigi no Carte FULL VER. Lyrics"
WARN  - SPOTIFY - "絶対零度" YOUTUBE - "なとり - 絶対零度"
WARN  - SPOTIFY - "KISS OF DEATH（Produced by HYDE）" YOUTUBE - "Kiss of Death"
WARN  - SPOTIFY - "インフェルノ" YOUTUBE - "Mrs. GREEN APPLE - インフェルノ（Inferno）"
WARN  - SPOTIFY - "ダンスホール" YOUTUBE - "Mrs. GREEN APPLE「ダンスホール」Official Music Video"
WARN  - SPOTIFY - "青のすみか" YOUTUBE - "青のすみか / キタニタツヤ - Where Our Blue Is / Tatsuya Kitani"
WARN  - SPOTIFY - "Overdose" YOUTUBE - "なとり - Overdose"
WARN  - SPOTIFY - "KICK BACK" YOUTUBE - "米津玄師 Kenshi Yonezu - KICKBACK"
WARN  - SPOTIFY - "Mouiiyo" YOUTUBE - "もういいよ / こっちのけんと MV"
WARN  - SPOTIFY - "QUEEN" YOUTUBE - "【GUMI】QUEEN【Kanaria】"
WARN  - SPOTIFY - "怪物" YOUTUBE - "YOASOBI「怪物」Official Music Video　(YOASOBI - Monster)"
WARN  - SPOTIFY - "Mágica & Ilusão" YOUTUBE - "Shaman - Mágica & Ilusão (Madoka Magica) Feat. @OSteve"
WARN  - SPOTIFY - "Tente Escapar" YOUTUBE - "Shaman - Tente Escapar (Chainsaw Man)"
WARN  - SPOTIFY - "Bling-Bang-Bang-Born" YOUTUBE - "Creepy Nuts｢Bling-Bang-Bang-Born｣ × TV Anime｢マッシュル-MASHLE-｣ Collaboration Music Video #BBBBダンス"
WARN  - SPOTIFY - "Nasci pra Atirar" YOUTUBE - "Shaman - Nasci pra Atirar (Neon Genesis Evangelion)"
WARN  - SPOTIFY - "オトノケ - Otonoke" YOUTUBE - "Creepy Nuts - オトノケ(Otonoke) 【Official MV】 [Dandadan OP]"
WARN  - SPOTIFY - "夜に駆ける" YOUTUBE - "YOASOBI - 夜に駆ける / THE HOME TAKE"
WARN  - SPOTIFY - "RuLe" YOUTUBE - "【Ado】ルル (RuLe)"
WARN  - SPOTIFY - "SPECIALZ" YOUTUBE - "King Gnu - SPECIALZ"
WARN  - SPOTIFY - "Young Girl A" YOUTUBE - "椎名もた(siinamota) - Young Girl A / 少女A"
WARN  - SPOTIFY - "アイドル" YOUTUBE - "YOASOBI「アイドル」 Official Music Video"
WARN  - SPOTIFY - "Hai Yorokonde" YOUTUBE - "はいよろこんで / こっちのけんと MV"
WARN  - SPOTIFY - "NIGHT DANCER" YOUTUBE - "【imase】NIGHT DANCER（MV）"
WARN  - SPOTIFY - "Usseewa" YOUTUBE - "【Ado】うっせぇわ"
WARN  - SPOTIFY - "New Genesis" YOUTUBE - "【Ado】新時代 (ウタ from ONE PIECE FILM RED)"
WARN  - SPOTIFY - "Show" YOUTUBE - "【Ado】 唱"
WARN  - SPOTIFY - "Love ka?" YOUTUBE - "ラブカ？ / 柊キライ feat.flower"
WARN  - SPOTIFY - "Odo" YOUTUBE - "【Ado】踊"