WARN  - SPOTIFY - "Amor Gruda" YOUTUBE - "Shaman - Amor Gruda (Sousou no Frieren)"
WARN  - SPOTIFY - "tudo oq vc fez" YOUTUBE - "shaman - tudo oq vc fez"
WARN  - SPOTIFY - "Orgulho" YOUTUBE - "Anny - Orgulho ft. @blxckoficial"
WARN  - SPOTIFY - "Canônico, Miguel O'Hara" YOUTUBE - "Blxck - Canônico (Miguel O'Hara)"
WARN  - SPOTIFY - "Genesis" YOUTUBE - "Anny - Genesis"
WARN  - SPOTIFY - "Alma de Piche" YOUTUBE - "Anny - Alma de Piche"
WARN  - SPOTIFY - "How I'd Kill" YOUTUBE - "Cowboy Malfoy - How I'd Kill (Official Video)"
WARN  - SPOTIFY - "EGO" YOUTUBE - "WHY WE FIGHT // EGO ft. Qing Madi // Year 5 Music Video - VALORANT"
WARN  - SPOTIFY - "Luxúria" YOUTUBE - "Anny - Luxúria (Denji)"
WARN  - SPOTIFY - "Anoitecer Cruel, Kokushibo" YOUTUBE - "Blxck - Anoitecer Cruel (Kokushibo)"
WARN  - SPOTIFY - "Conde Drácula" YOUTUBE - "Conde Drácula | Novatroop | Alucard (Hellsing) (prod. Keman)"
WARN  - SPOTIFY - "Gosto Do Mal" YOUTUBE - "Gosto Do Mal | Novatroop | Suguru Geto (Jujutsu Kaisen)"
WARN  - SPOTIFY - "Irregular" YOUTUBE - "♪ Bam (Tower of God) | Irregular | AniRap"
WARN  - SPOTIFY - "BLUE" YOUTUBE - "Anny - BLUE ft.@TakaB"
WARN  - SPOTIFY - "Divina Facínora" YOUTUBE - "Divina Facínora | Novatroop | Sukuna (Jujutsu Kaisen)"
WARN  - SPOTIFY - "Bela Como Inferno" YOUTUBE - "Mistery - Bela Como Inferno"
WARN  - SPOTIFY - "Sobre os Mistérios" YOUTUBE - "Mistery - Sobre os Mistérios | feat. Lucas A.R.T."
WARN  - SPOTIFY - "Puro Amor Infinito" YOUTUBE - "Yuta Okkotsu (Jujutsu Kaisen) - Puro Amor Infinito | M4rkim"
WARN  - SPOTIFY - "Pétalas Azuis" YOUTUBE - "Mistery - Pétalas Azuis | Frieren"
WARN  - SPOTIFY - "Paranoia" YOUTUBE - "Paranoia | Novatroop | Diavolo (JoJo's Bizarre Adventure)"
WARN  - SPOTIFY - "A Criança Demônio, Okita Souji" YOUTUBE - "Blxck - A Criança Demônio (Okita Souji)"
WARN  - SPOTIFY - "Violetas" YOUTUBE - "Violetas 💜 | Kaiser (Ordem Paranormal) | Raphyx"
WARN  - SPOTIFY - "Carmesim, Urahara Kisuke" YOUTUBE - "Carmesim (Urahara Kisuke) | Ranori"
SPOTIFY - "Enemies" YOUTUBE - "Enemies"
WARN  - SPOTIFY - "Acordes e Sons" YOUTUBE - "Acordes e Sons | Hitori (Bocchi The Rock!) | Shiny ft. @Shaman_"
WARN  - SPOTIFY - "Olhos Infinitos" YOUTUBE - "LKZ - Olhos Infinitos (Satoru Gojo)"
WARN  - SPOTIFY - "Truque de Mágica" YOUTUBE - "Truque de Mágica (Madoka Magica) - DKZ"
WARN  - SPOTIFY - "Bomba" YOUTUBE - "Bomba | Rafão | Yoshikage Kira (JoJo's Bizarre Adventure)"
WARN  - SPOTIFY - "Meu Regozijo" YOUTUBE - "Meu Regozijo | Rafão | Mahito (Jujutsu Kaisen)"
WARN  - SPOTIFY - "Réquiem Carmesim" YOUTUBE - "Réquiem Carmesim | Rafão | Chrollo Lucilfer (Hunter x Hunter)"
WARN  - SPOTIFY - "Dever de Consumação" YOUTUBE - "Dever de Consumação | Rafão | Suguru Geto (Jujutsu Kaisen)"
WARN  - SPOTIFY - "Joker" YOUTUBE - "Joker | Rafão | Hisoka (Hunter x Hunter)"
WARN  - SPOTIFY - "Razão do Vazio (Ulquiorra)" YOUTUBE - "Razão do Vazio | Rafão | Ulquiorra (Bleach)"
WARN  - SPOTIFY - "Vícios" YOUTUBE - "Vícios (Kakegurui) - OSteve"
WARN  - SPOTIFY - "Clima" YOUTUBE - "Bluay - Clima"
WARN  - SPOTIFY - "Doente" YOUTUBE - "Doente | Shinji Ikari (Neon Genesis Evangelion) | Shooter"
WARN  - SPOTIFY - "Confins" YOUTUBE - "Shaman - Confins (Night Is Short, Walk On Girl)"
WARN  - SPOTIFY - "Inevitável Destino" YOUTUBE - "Kento Nanami (Jujutsu Kaisen) - "Inevitável Destino" | Henrique Mendonça"
WARN  - SPOTIFY - "Benihime" YOUTUBE - "Urahara (Bleach) - Benihime | M4rkim"
WARN  - SPOTIFY - "Filho do Mar" YOUTUBE - "Filho do Mar | Ace (One Piece) | Igris"
WARN  - SPOTIFY - "Perfeccionismo" YOUTUBE - "♪ Yoshikage Kira (Jojo's Bizarres Adventure) | Perfeccionismo | AniRap"
WARN  - SPOTIFY - "Collision" YOUTUBE - "Collision (Ordem Paranormal) AYAKASHI"
WARN  - SPOTIFY - "Substitutos" YOUTUBE - "Substitutos (Kuzu No Honkai) - OSteve"
WARN  - SPOTIFY - "Nulo Coração" YOUTUBE - "Nulo Coração | Ulquiorra (Bleach) | Raphyx"
WARN  - SPOTIFY - "Play" YOUTUBE - "Anny - Play ft. @SlowGM"
WARN  - SPOTIFY - "Deriva" YOUTUBE - "Shaman - Deriva (Sonny Boy)"
WARN  - SPOTIFY - "Lindas Mentiras" YOUTUBE - "Lindas Mentiras (Animes) - OSteve"
WARN  - SPOTIFY - "Entre Mundos, Funny Valentine" YOUTUBE - "Blxck - Entre Mundos (Funny Valentine)"
WARN  - SPOTIFY - "Relógio Esquisito | Carnitrix (Ben 10 AU)" YOUTUBE - "Relógio Esquisito | Carnitrix (Ben 10 AU) | Iron Master"
WARN  - SPOTIFY - "Tipo Psíquico (Chronoverso)" YOUTUBE - "TIPO PSÍQUICO - Chrono"
WARN  - SPOTIFY - "Acabar o Mundo" YOUTUBE - "Shaman - Acabar o Mundo (Yokohama Kaidashi Kikou)"
WARN  - SPOTIFY - "Hora do Campeão, Leon" YOUTUBE - "Blxck - Hora do Campeão (Leon)"
WARN  - SPOTIFY - "Flores do Mal" YOUTUBE - "Shaman - Flores do Mal (Aku no Hana)"
WARN  - SPOTIFY - "Get Up Now" YOUTUBE - "Anny - Get Up Now ft. @OSteve"
WARN  - SPOTIFY - "Casca Vazia, Hollow Knight" YOUTUBE - "Blxck - Casca Vazia (Hollow Knight)"
WARN  - SPOTIFY - "JUDAS" YOUTUBE - "7 Minutoz - JUDAS"
WARN  - SPOTIFY - "Mudar" YOUTUBE - "Shaman - Mudar (Demon Slayer)"
WARN  - SPOTIFY - "Sua Vida é o Prêmio" YOUTUBE - "Mistery - Sua Vida é o Prêmio"
WARN  - SPOTIFY - "Tragédia: Teatro" YOUTUBE - "Bad End Theater - Teatro dos Finais Infelizes | Chrono"
WARN  - SPOTIFY - "Ego" YOUTUBE - "VMZ - Ego (Gojo) Feat. Nikmouu"
WARN  - SPOTIFY - "Mahito: Transfiguração Inerte" YOUTUBE - "Mahito (Jujutsu Kaisen) - TRANSFIGURAÇÃO INERTE | Chrono"
WARN  - SPOTIFY - "Eu Sou Seu Amigo" YOUTUBE - "Daarui - Eu Sou Seu Amigo (Amigo)"
WARN  - SPOTIFY - "O Rei Voltou, Yhwach" YOUTUBE - "Blxck - O Rei Voltou (Yhwach)"
WARN  - SPOTIFY - "Sol" YOUTUBE - "Shaman - Sol (OneShot) Feat. @Geedix"
WARN  - SPOTIFY - "Gosto Amargo" YOUTUBE - "Mistery - Gosto Amargo"
WARN  - SPOTIFY - "Desespero" YOUTUBE - "Anny - Desespero"
WARN  - SPOTIFY - "Deslocado" YOUTUBE - "NAPA - Deslocado (Official Video)"
WARN  - SPOTIFY - "Longe do Mar" YOUTUBE - "Mistery - Longe do Mar"
WARN  - SPOTIFY - "Dia de Sorte, Hakari Kinji" YOUTUBE - "Blxck - Dia de Sorte (Hakari Kinji)"
WARN  - SPOTIFY - "Anjo Caído" YOUTUBE - "Anny - Anjo Caído ft. Lucas A.R.T"
WARN  - SPOTIFY - "Peso do Ódio" YOUTUBE - "Peso do Ódio | Novatroop | Gon Berserk (Hunter x Hunter)"
WARN  - SPOTIFY - "Invisível, Toji Fushiguro" YOUTUBE - "Blxck - Invisível (Toji Fushiguro)"
WARN  - SPOTIFY - "Mundo Invertido" YOUTUBE - "Shinji Hirako (Bleach) - ODITREVNI ODNUM | Chrono"
WARN  - SPOTIFY - "Meu Jogo" YOUTUBE - "Mistery - Meu Jogo | MiSide"
WARN  - SPOTIFY - "Amor e Mistérios" YOUTUBE - "Shaman - Amor e Mistérios (Hyouka)"
WARN  - SPOTIFY - "Crescer" YOUTUBE - "Crescer (feat. Shiny_sz)"
WARN  - SPOTIFY - "Caos" YOUTUBE - "Shadow (Sonic) - Caos | M4rkim"
WARN  - SPOTIFY - "Pressão, Zaraki Kenpachi" YOUTUBE - "Blxck - Pressão (Zaraki Kenpachi)"
WARN  - SPOTIFY - "Prelúdio ao Caos" YOUTUBE - "Prelúdio ao Caos | Novatroop | Chrollo Lucilfer (Hunter x Hunter)"
WARN  - SPOTIFY - "NEW DROP" YOUTUBE - "Don Toliver - NEW DROP [Official Music Video]"
WARN  - SPOTIFY - "Stay" YOUTUBE - "WUNDERLAND - Stay ft. WUANT, BLUNDER (Official Lyric Video)"
WARN  - SPOTIFY - "Die With A Smile" YOUTUBE - "Lady Gaga, Bruno Mars - Die With A Smile (Official Music Video)"
WARN  - SPOTIFY - "oUt oF mY HEad" YOUTUBE - "WUNDERLAND - oUt oF mY HEad ft. WUANT, BLUNDER (Official Lyric Video)"
WARN  - SPOTIFY - "Save You" YOUTUBE - "WUNDERLAND - Save You ft. WUANT, BLUNDER (Official Lyric Video)"
WARN  - SPOTIFY - "Último Mistério" YOUTUBE - "♪ Scooby Dark (Scooby Doo AU) | Último Mistério | AniRap"
WARN  - SPOTIFY - "dead inside" YOUTUBE - "WUNDERLAND - dead inside ft. WUANT, BLUNDER (Official Lyric Video)"
WARN  - SPOTIFY - "Amor (Yuta Okkotsu)" YOUTUBE - "♪ Yuta Okkotsu (Jujutsu Kaisen) | AMOR | AniRap"
WARN  - SPOTIFY - "ROSAS" YOUTUBE - "KAPPA JOTTA feat MUN - ROSAS 🌹 (Visualizer)"
WARN  - SPOTIFY - "Faz Bem" YOUTUBE - "Bluay, Julinho KSD - Faz Bem"
WARN  - SPOTIFY - "Kaneki, FAMINTØ" YOUTUBE - "Kaneki (Tokyo Ghoul) - FAMINTØ | M4rkim"
WARN  - SPOTIFY - "Requiem Das Almas" YOUTUBE - "Réquiem Das Almas | Novatroop | Noah (Sense Life)"
WARN  - SPOTIFY - "Resplendor Maior" YOUTUBE - "Resplendor Maior | Novatroop | Apollo (Record of Ragnarok)"
SPOTIFY - "Plano Perfeito" YOUTUBE - "Plano Perfeito"
WARN  - SPOTIFY - "Abalo Sísmico" YOUTUBE - "Kafka Hibino (Kaiju No. 8) - Abalo Sísmico | M4rkim"
WARN  - SPOTIFY - "Mergulho Na Escuridão | Five Nights at Freddy's: Into The Pit" YOUTUBE - "Mergulho Na Escuridão | Five Nights at Freddy's: Into The Pit | Iron Master"
WARN  - SPOTIFY - "Kafka: Metamorfose" YOUTUBE - "Kafka (Kaiju N.° 8) - METAMORFOSE | Chrono"
WARN  - SPOTIFY - "Impostor" YOUTUBE - "Among Us (Among Us) - Impostor | M4rkim"
WARN  - SPOTIFY - "Sacrilégio Inepto" YOUTUBE - "Sacrilégio Inepto | Novatroop | L e Kira (Death Note) ft. @AniRap"
SPOTIFY - "Choso: Pintura da Morte" YOUTUBE - "Choso: Pintura da Morte"
WARN  - SPOTIFY - "Nikola Tesla: Conhecimento" YOUTUBE - "Nikola Tesla (Shuumatsu No Valkyrie) - CONHECIMENTO | Chrono"
SPOTIFY - "cemitério" YOUTUBE - "cemitério"
WARN  - SPOTIFY - "Decair" YOUTUBE - "Decair | Novatroop | Shigaraki Tomura (My Hero Academia) ft. @EoDanOficial"
WARN  - SPOTIFY - "Espirais" YOUTUBE - "Kirie Goshima | Espirais | (Uzumaki) | oShaman (feat. @Chrono0 )"
WARN  - SPOTIFY - "Nasci pra Atirar" YOUTUBE - "Shaman - Nasci pra Atirar (Neon Genesis Evangelion)"
WARN  - SPOTIFY - "Arlecchino: A Serva" YOUTUBE - "Arlecchino (Genshin Impact) - A SERVA | Chrono"
WARN  - SPOTIFY - "Amor Em Jogo" YOUTUBE - "Amor Em Jogo | (Kaguya Sama: Love Is War) | Raphyx, oShaman e Slow GM"
WARN  - SPOTIFY - "Guerra" YOUTUBE - "Shaman - Guerra (Chainsaw Man)"
WARN  - SPOTIFY - "Goodnight" YOUTUBE - "Shaman - Goodnight (Oyasumi Punpun)"
WARN  - SPOTIFY - "Águas Passadas" YOUTUBE - "Shaman - Águas Passadas (Emanon)"
WARN  - SPOTIFY - "Mágica & Ilusão" YOUTUBE - "Shaman - Mágica & Ilusão (Madoka Magica) Feat. @OSteve"
WARN  - SPOTIFY - "Tente Escapar" YOUTUBE - "Shaman - Tente Escapar (Chainsaw Man)"
WARN  - SPOTIFY - "Linhagem Profana" YOUTUBE - "Linhagem Profana | Novatroop | Dio Brando (JoJo's Bizarre Adventure)"
WARN  - SPOTIFY - "Lamentar das Almas" YOUTUBE - "Lamentar Das Almas | Novatroop | William Afton (FNAF)"
WARN  - SPOTIFY - "Carne Morta" YOUTUBE - "Carne Morta | Novatroop | Kaneki (Tokyo Ghoul)"
WARN  - SPOTIFY - "Amaldiçoados" YOUTUBE - "Feiticeiros (Jujutsu Kaisen) - Amaldiçoados | M4rkim"
WARN  - SPOTIFY - "Ado Ado Ado (De4dpool)" YOUTUBE - "♪ Deadpool (Finge que é Jujutsu) | Ado ado ado | AniRap"
WARN  - SPOTIFY - "Controle (Makima)" YOUTUBE - "Anny - Controle [Prod.ZG]"
WARN  - SPOTIFY - "Makima, Demônio Controle" YOUTUBE - "Makima (Chainsaw Man) - Demônio Controle | M4rkim"
WARN  - SPOTIFY - "Meu Futuro" YOUTUBE - "Meu Futuro | Novatroop | Amigo (20th Century Boys)"
WARN  - SPOTIFY - "Imortal Tagarela" YOUTUBE - "Imortal Tagarela | Novatroop | Deadpool (Marvel)"
WARN  - SPOTIFY - "Companhia Letal | Lethal Company" YOUTUBE - "Companhia Letal | Lethal Company | Iron Master"
WARN  - SPOTIFY - "Purpúra Imensidão" YOUTUBE - "Púrpura Imensidão | Novatroop | Satoru Gojo (Jujutsu Kaisen)"
WARN  - SPOTIFY - "No.00000000001" YOUTUBE - "Adão (Shuumatsu no Valkyrie) - No.00000000001 | M4rkim"
WARN  - SPOTIFY - "Hipnose Perfeita" YOUTUBE - "Hipnose Perfeita | Aizen (Bleach) | Enygma"
WARN  - SPOTIFY - "Yhwach, 9.9.9" YOUTUBE - "Yhwach (Bleach) - 9.9.9 | M4rkim"
WARN  - SPOTIFY - "Murciélago" YOUTUBE - "Ulquiorra (Bleach) - Murciélago | M4rkim"
WARN  - SPOTIFY - "Ichigo, Zangetsu" YOUTUBE - "Ichigo (Bleach) - Zangetsu | M4rkim"
WARN  - SPOTIFY - "LET THE WORLD BURN" YOUTUBE - "Chris Grey - LET THE WORLD BURN (Official Lyric Video)"
WARN  - SPOTIFY - "Marionete" YOUTUBE - "Mistery - Marionete"
WARN  - SPOTIFY - "Invencível" YOUTUBE - "Satoru Gojo (Jujutsu Kaisen) - "Invencível" | Henrique Mendonça"
WARN  - SPOTIFY - "Santuário Malevolente" YOUTUBE - "Sukuna (Jujutsu Kaisen) - Santuário Malevolente | M4rkim"
WARN  - SPOTIFY - "Jackpot" YOUTUBE - "Jackpot | Hakari Kinji (Jujutsu Kaisen) | Enygma"
WARN  - SPOTIFY - "Hakari: Cara de Sorte" YOUTUBE - "Hakari Kinji (Jujutsu Kaisen) - CARA DE SORTE | Chrono"
WARN  - SPOTIFY - "Deus do Trovão" YOUTUBE - "Deus do Trovão | Hajime Kashimo (Jujutsu Kaisen) | Enygma"
WARN  - SPOTIFY - "Satoru Gojo, INFINITØ" YOUTUBE - "Satoru Gojo (Jujutsu Kaisen) - INFINITØ | M4rkim"
WARN  - SPOTIFY - "Perdas" YOUTUBE - "♪  Perdas (Yuta, Obito e Yuu Otosaka) Feat: ‪@VMZoficial e @TakaB"
WARN  - SPOTIFY - "Simulacro Perfeito" YOUTUBE - "Simulacro Perfeito | Novatroop | Kenjaku (Jujutsu Kaisen)"
WARN  - SPOTIFY - "Takaba: Mente do Palhaço" YOUTUBE - "Takaba (Jujutsu Kaisen) - MENTE DO PALHAÇO | Chrono"
WARN  - SPOTIFY - "Yuta Okkotsu, Puro Amor" YOUTUBE - "Yuta Okkotsu (Jujutsu Kaisen) - Puro Amor | M4rkim"
WARN  - SPOTIFY - "Kenjaku, Corpo Morto" YOUTUBE - "Kenjaku (Jujutsu Kaisen) - Corpo Morto | M4rkim"
WARN  - SPOTIFY - "Tribunal (Higuruma)" YOUTUBE - "♪ Higuruma Hiromi (Jujutsu Kaisen) | Tribunal | AniRap"
WARN  - SPOTIFY - "Suguru Geto, Espiral" YOUTUBE - "Suguru Geto (Jujutsu Kaisen) - Espiral | M4rkim"
WARN  - SPOTIFY - "Fukuma Mizushi (Sukuna)" YOUTUBE - "Fukuma Mizushi | Sukuna (Jujutsu Kaisen) | ALBK"
WARN  - SPOTIFY - "Intocável (Satoru Gojo)" YOUTUBE - "Intocável | Satoru Gojo (Jujutsu Kaisen) | Basara"
WARN  - SPOTIFY - "Minha Amada" YOUTUBE - "Shaman - Minha Amada (Tomie) Feat. @Chrono0"
WARN  - SPOTIFY - "Rob Lucci, Selvagem" YOUTUBE - "Rob Lucci (One Piece) - Selvagem | M4rkim"
WARN  - SPOTIFY - "Dio Brando, Za Warudo" YOUTUBE - "Dio Brando (JoJo's Bizarre Adventure) - Za Warudo | M4rkim"
WARN  - SPOTIFY - "Enemy (with JID) - from the series Arcane League of Legends" YOUTUBE - "Imagine Dragons x J.I.D - Enemy (from the series Arcane League of Legends)"
WARN  - SPOTIFY - "Shadow" YOUTUBE - "Livingston - Shadow (Official Visualizer)"
WARN  - SPOTIFY - "Eren, Fim da Humanidade" YOUTUBE - "Eren (Shingeki no Kyojin) - Fim Da Humanidade | M4rkim | O Epílogo"
WARN  - SPOTIFY - "Essência Do Caos" YOUTUBE - "Essência do Caos | Novatroop | Mahito (Jujutsu Kaisen)"
WARN  - SPOTIFY - "Ciclo de Devoção" YOUTUBE - "Ciclo de Devoção  | Novatroop | Douma (Demon Slayer)"
WARN  - SPOTIFY - "Quebrado por Dentro" YOUTUBE - "Quebrado por Dentro | Itadori Yuji pt || (Jujutsu Kaisen) | Shiny"
WARN  - SPOTIFY - "Arthur Morgan, Morte e Redenção" YOUTUBE - "Arthur Morgan (Red Dead Redemption 2) - Morte e Redenção | M4rkim"
WARN  - SPOTIFY - "Comandantes, Braço Direito" YOUTUBE - "Comandantes (One Piece) - Braço Direito | M4rkim"
WARN  - SPOTIFY - "Humanos, Humanidade" YOUTUBE - "Humanos (Shuumatsu no Valkyrie) - Humanidade | M4rkim"
WARN  - SPOTIFY - "Luffy, Quinta Marcha" YOUTUBE - "Luffy (One Piece) - Quinta Marcha | M4rkim"
WARN  - SPOTIFY - "Luffy, Rei Dos Piratas" YOUTUBE - "Luffy (One Piece) - Rei Dos Piratas | M4rkim"
WARN  - SPOTIFY - "Barba Negra: Sonhos & Escuridão" YOUTUBE - "Barba Negra (One Piece) - Sonhos & Escuridão | M4rkim"
WARN  - SPOTIFY - "Crocodile, Rei do Deserto" YOUTUBE - "Crocodile (One Piece) - Rei Do Deserto | M4rkim"
WARN  - SPOTIFY - "All Blue" YOUTUBE - "All Blue | Sanji (One Piece) | Enygma"
WARN  - SPOTIFY - "It's Me" YOUTUBE - "It's Me | Golden Freddy (FNAF) | Shiny | DROP FNAF"
WARN  - SPOTIFY - "Vingança (Blade)" YOUTUBE - "♪ Blade (Honkai: Star Rail) | Vingança | AniRap e @AnnyTHN"
WARN  - SPOTIFY - "Sombras" YOUTUBE - "Sombras | Novatroop | Sung Jin Woo (Solo Leveling)"
WARN  - SPOTIFY - "Lâmpadas Negras" YOUTUBE - "Taka - Lâmpadas Negras - Omori |Prod. Khellvyn"
WARN  - SPOTIFY - "CJ, San Andreas" YOUTUBE - "CJ (Grand Theft Auto) - San Andreas | M4rkim"
WARN  - SPOTIFY - "Chihiro Rokuhira, Espadas, Magias & Vingança" YOUTUBE - "Chihiro Rokuhira (Kagurabachi) - Espadas, Magias & Vingança | M4rkim"
WARN  - SPOTIFY - "Katakuri, Doce Visão Do Futuro" YOUTUBE - "Katakuri (One Piece) - Doce Visão Do Futuro | M4rkim"
WARN  - SPOTIFY - "Guts, Berserk" YOUTUBE - "Guts (Berserk) - Berserk | M4rkim"
WARN  - SPOTIFY - "Paraíso" YOUTUBE - "Paraíso | Enrico Pucci (Jojo's Bizarre Adventure) | Neko"
WARN  - SPOTIFY - "Apollo, Sol" YOUTUBE - "Apolo (Shuumatsu no Valkyrie) - Sol | M4rkim"
WARN  - SPOTIFY - "Gojo VS. Sukuna Pt. 2: Até a Morte" YOUTUBE - "Gojo VS. Sukuna Pt. 2: Até a Morte [Prod. Sobralzin]"
WARN  - SPOTIFY - "Why so Serious?" YOUTUBE - "Why so Serious? | Coringa (Batman: O Cavaleiro das Trevas) | Enygma"
WARN  - SPOTIFY - "Tomie, Desejos Insanos" YOUTUBE - "Tomie (Junji Ito) - Desejos Insanos | M4rkim & Anny"
WARN  - SPOTIFY - "Guts, Perdi Tudo" YOUTUBE - "Guts (Berserk) - Perdi Tudo | M4rkim"
WARN  - SPOTIFY - "Musashi Miyamoto, Caminho Da Morte" YOUTUBE - "Musashi Miyamoto (Vagabond) - Caminho Da Morte | M4rkim"
WARN  - SPOTIFY - "Uzumaki: Espiral" YOUTUBE - "Uzumaki (Junji ito) - ESPIRAL | Chrono"
WARN  - SPOTIFY - "Muryo Kusho" YOUTUBE - "MURYO KUSHO - Gojo (Jujutsu Kaisen) | Takeru"
WARN  - SPOTIFY - "Vivendo o Passado" YOUTUBE - "Taka - Vivendo o Passado"
WARN  - SPOTIFY - "Sukuna, Rei Das Maldições" YOUTUBE - "Sukuna (Jujutsu Kaisen) - Rei Das Maldições | M4rkim"
WARN  - SPOTIFY - "Qin Shi Huang, China" YOUTUBE - "Qin Shi Huang (Shuumatsu no Valkyrie) - China | M4rkim"
WARN  - SPOTIFY - "Tribunal das Almas" YOUTUBE - "Taka - Tribunal das Almas - Feat. @AnnyTHN"
WARN  - SPOTIFY - "Comédia Divina" YOUTUBE - "Taka - Comédia Divina  - Dante (Ordem Paranormal) |Prod. @Khellvyn & ZG"
WARN  - SPOTIFY - "Kokushibo: Dark Moon" YOUTUBE - "Kokushibo (Kimetsu no Yaiba) - Dark Moon | Duelista"
WARN  - SPOTIFY - "Lua de Neon" YOUTUBE - "Taka - Lua de Neon - Feat. @AnnyTHN"
WARN  - SPOTIFY - "Ciência!!" YOUTUBE - "Ciência!! | Nikola Tesla (Shuumatsu no Valkyrie) | Enygma"
WARN  - SPOTIFY - "Pai da Humanidade (Adão)" YOUTUBE - "Pai da Humanidade | Adão (Shuumatsu no Valkyrie) | Enygma 95"
WARN  - SPOTIFY - "Frankenstein: Parte por Parte" YOUTUBE - "Frankenstein (Junji ito) - PARTE POR PARTE | Chrono"
WARN  - SPOTIFY - "Sakura" YOUTUBE - "yun li - sakura [prod biffe] (official video)"
WARN  - SPOTIFY - "Asta, 5 Folhas" YOUTUBE - "Asta (Black Clover) - 5 Folhas | M4rkim"
WARN  - SPOTIFY - "Daylight" YOUTUBE - "David Kushner - Daylight (Official Music Video)"
WARN  - SPOTIFY - "Fushiguro Toji, Só Basta Pagar" YOUTUBE - "Fushiguro Toji (Jujutsu Kaisen) - Só Basta Pagar | M4rkim"
WARN  - SPOTIFY - "Tomodachi" YOUTUBE - "yung lixo - tomodachi ft. SHO-SENSEI!! [prod biffe] (official video)"
WARN  - SPOTIFY - "O Homem de Roxo" YOUTUBE - "O Homem de Roxo | Five Nights at Freddy’s (Five Nights at Freddy’s) | Neko"
WARN  - SPOTIFY - "Souichi: Egocêntrica Maldição" YOUTUBE - "Souichi (Junji Ito) - EGOCÊNTRICA MALDIÇÃO | Chrono"
WARN  - SPOTIFY - "Se Ajoelhe" YOUTUBE - "Rap: Se Ajoelhe (Akashi e Aomine) // Abaixe Sua Cabeça // FT. Flash Beats // TK RAPS"
WARN  - SPOTIFY - "Yoshikage Kira: Vida Tranquila" YOUTUBE - "Yoshikage Kira (Jojo's Bizarres Adventure) - VIDA TRANQUILA | Chrono"
WARN  - SPOTIFY - "Muzan, Impronunciável" YOUTUBE - "Muzan (Kimetsu no Yaiba) - Impronunciável | M4rkim"
WARN  - SPOTIFY - "Máskara, Máscara" YOUTUBE - "Máskara (The Mask) - Máscara | M4rkim"
WARN  - SPOTIFY - "GOSSIP (feat. Tom Morello)" YOUTUBE - "Måneskin - GOSSIP ft. Tom Morello (Lyrics/Testo)"
WARN  - SPOTIFY - "Beelzebub, Moscas" YOUTUBE - "Beelzebub (Shuumatsu no Valkyrie) - Moscas | M4rkim"
WARN  - SPOTIFY - "Johnny Joestar, Tusk" YOUTUBE - "Johnny Joestar (Jojo’s Bizarre Adventure) - Tusk | M4rkim"
WARN  - SPOTIFY - "I WANNA BE YOUR SLAVE" YOUTUBE - "Måneskin - I WANNA BE YOUR SLAVE (Official Video)"
WARN  - SPOTIFY - "Buda, Iluminação" YOUTUBE - "Buda (Shuumatsu no Valkyrie) - Iluminação | M4rkim"
WARN  - SPOTIFY - "Faces da Morte" YOUTUBE - "Taka - Faces da Morte"
WARN  - SPOTIFY - "O Novo Kira (Minoru Tanaka)" YOUTUBE - "♪ Minoru Tanaka (Death Note) | O Novo Kira | AniRap"
WARN  - SPOTIFY - "Taiju Shiba: Catedral" YOUTUBE - "Taiju Shiba (Tokyo Revengers) - CATEDRAL | Chrono"
WARN  - SPOTIFY - "Johnny Joestar: Tusk Act 4" YOUTUBE - "Johnny Joestar ( Jojo's Bizarre Adventure ) | Tusk Act 4 | D.Y.A"
WARN  - SPOTIFY - "Nikola Tesla, Luz Da Esperança" YOUTUBE - "Nikola Tesla (Shuumatsu no Valkyrie) - Luz Da Esperança | M4rkim"
WARN  - SPOTIFY - "Novo Receptáculo - Sukuna" YOUTUBE - "Sukuna (Jujutsu Kaisen) - Novo Receptáculo | Okabe"
WARN  - SPOTIFY - "Funny Valentine: Intocável" YOUTUBE - "Funny Valentine (Jojo's Bizarres Adventure) - INTOCÁVEL | Chrono"
WARN  - SPOTIFY - "Rei Gelado: Me sinto Frio" YOUTUBE - "Rei Gelado (Hora de Aventura) - ME SINTO FRIO | Chrono"
WARN  - SPOTIFY - "Lampião, Rei Do Cangaço" YOUTUBE - "Lampião (Lampião) - Rei Do Cangaço | M4rkim"
WARN  - SPOTIFY - "Gon x Neferpitou, Homem Gentil" YOUTUBE - "Gon x Neferpitou (Hunter X Hunter) - Homem Gentil | M4rkim feat. Mistery"
WARN  - SPOTIFY - "Kang O Conquistador, Linha Do Tempo" YOUTUBE - "Kang O Conquistador (Marvel Comics) - Linha Do Tempo | M4rkim"
SPOTIFY - "Suguru Geto: Uzumaki" YOUTUBE - "Suguru Geto: Uzumaki"
WARN  - SPOTIFY - "O Rei da Velocidade" YOUTUBE - "SpeedRap - Chigiri (Blue Lock) - O Rei da Velocidade | Flash Beats"
WARN  - SPOTIFY - "Barou, Rei Egoísta" YOUTUBE - "Barou (Blue Lock) - Rei Egoísta | M4rkim"
WARN  - SPOTIFY - "Denji, Demônio Motosserra" YOUTUBE - "Denji (Chainsaw Man) - Demônio Motosserra | M4rkim"
WARN  - SPOTIFY - "Explosiva" YOUTUBE - "Explosiva 💥 | LKZ ft.@SlowGM"
WARN  - SPOTIFY - "Darth Vader, Lado Negro" YOUTUBE - "Darth Vader (Star Wars) - Lado Negro | M4rkim"
SPOTIFY - "Fushiguro Toji: Zero Energia" YOUTUBE - "Fushiguro Toji: Zero Energia"
WARN  - SPOTIFY - "Doflamingo, Por Um Fio" YOUTUBE - "Doflamingo (One Piece) - Por Um Fio | M4rkim"
WARN  - SPOTIFY - "Tomie: Maldição te Amar" YOUTUBE - "Tomie (Junji ito) - MALDIÇÃO TE AMAR | Chrono"
WARN  - SPOTIFY - "Santuário Infinito (Sukuna VS. Satoru Gojo)" YOUTUBE - "Sukuna VS. Satoru Gojo | Santuário Infinito (Jujutsu Kaisen) | Basara ft. @DaaruiOficial"
WARN  - SPOTIFY - "Enel, Energia" YOUTUBE - "Enel (One Piece) - Energia | M4rkim"
WARN  - SPOTIFY - "Kono Dio Da!" YOUTUBE - "Kono Dio Da! | Dio Brando (JoJo's Bizarre Adventure) | Enygma"
WARN  - SPOTIFY - "Joui Jouki: Marcado pela Morte" YOUTUBE - "Joui Jouki (Ordem Paranormal) - MARCADO PELA MORTE | Chrono"
WARN  - SPOTIFY - "Ergam-se! (Sung Jin Woo)" YOUTUBE - "Ergam-se! | Sung Jin Woo Pt. 1 (Solo Leveling) | Basara"
WARN  - SPOTIFY - "Honra, Promessas e Cicatrizes (Zoro)" YOUTUBE - "Honra, Promessas e Cicatrizes (Roronoa Zoro) | Daarui"
WARN  - SPOTIFY - "Vlad Dracula: Sangue Inocente" YOUTUBE - "Vlad Drácula (Castlevania) - SANGUE INOCENTE | Chrono"
WARN  - SPOTIFY - "Garou Cósmico, Cosmic" YOUTUBE - "Garou Cósmico (One Punch Man) - Cosmic | M4rkim"
WARN  - SPOTIFY - "Gilgamesh: O Rei dos Heróis" YOUTUBE - "Gilgamesh (Fate) - O REI DOS HERÓIS - ChronoRap -16 (Prod. Tander)"
WARN  - SPOTIFY - "Law, Cirurgião Da Morte" YOUTUBE - "Law (One Piece) - Cirurgião Da Morte | M4rkim"
WARN  - SPOTIFY - "Yoriichi, Sol Da Noite" YOUTUBE - "Yoriichi (Kimetsu no Yaiba) - Sol Da Noite | M4rkim"